All bus routes and stops will be refered to by the index printed to their left
Choice (1=Add Route, 0=Remove Route, 2=Add Stop, 3=Remove Stop, 4=Save, 5=List): 0 Route Name: Bailey Drive
Stops (x,y):
0 (0.000000,0.000000)
1 (1.000000,1.000000)

1 Route Name: Dineen Drive East
Stops (x,y):
0 (12.000000,0.000000)
1 (14.000000,2.000000)
2 (15.000000,3.000000)
3 (16.000000,5.000000)
4 (14.000000,7.000000)
5 (12.000000,8.000000)
6 (10.000000,4.000000)
7 (8.000000,2.000000)

2 Route Name: Mackay Drive
Stops (x,y):
0 (4.000000,4.000000)
1 (5.000000,5.000000)
2 (6.000000,6.000000)
3 (6.000000,5.000000)
4 (7.000000,4.000000)
5 (8.000000,3.000000)

3 Route Name: Beaverbrook Street
Stops (x,y):
0 (28.000000,2.000000)
1 (34.000000,5.000000)
2 (28.000000,4.000000)

Choice (1=Add Route, 0=Remove Route, 2=Add Stop, 3=Remove Stop, 4=Save, 5=List): 