html	2
head	2
meta	1
title	2
body	2
strong	2
ol	2
li	4
blink	2
p	4
