html	1
head	1
title	1
meta	1
body	1
form	1
input	5
br	4
select	1
option	5
textarea	1
