indexArr: [3, 4, 1, 5, 6, 2, 2]
counntArr: [3, 4, 1, 5, 6, 2, 2]
