invalid instruction q
7
7
Successfully executed 2 instructions
0 elements
