1
1
failed pop
Successfully executed 2 instructions
0 elements
